// Jest Snapshot v1, https://goo.gl/fbAQLP

exports[`Header matches the snapshot 1`] = `
<header
  className="main-header"
>
  <h1>
    Find any movie!
  </h1>
</header>
`;
